[start] 148 pending
  [image_gen] 1/148 done, 1 OK, 0 failed
  [image_gen] 2/148 done, 2 OK, 0 failed
  [image_gen] 3/148 done, 3 OK, 0 failed
  [image_gen] 4/148 done, 4 OK, 0 failed
  [image_gen] 5/148 done, 5 OK, 0 failed
  [image_gen] 6/148 done, 6 OK, 0 failed
  [image_gen] 7/148 done, 7 OK, 0 failed
  [image_gen] 8/148 done, 7 OK, 1 failed
  [image_gen] 9/148 done, 8 OK, 1 failed
  [image_gen] 10/148 done, 9 OK, 1 failed
  [image_gen] 11/148 done, 10 OK, 1 failed
  [image_gen] 12/148 done, 11 OK, 1 failed
  [image_gen] 13/148 done, 12 OK, 1 failed
  [image_gen] 14/148 done, 13 OK, 1 failed
  [image_gen] 15/148 done, 14 OK, 1 failed
  [image_gen] 16/148 done, 15 OK, 1 failed
  [image_gen] 17/148 done, 16 OK, 1 failed
  [image_gen] 18/148 done, 16 OK, 2 failed
  [image_gen] 19/148 done, 17 OK, 2 failed
  [image_gen] 20/148 done, 18 OK, 2 failed
  [image_gen] 21/148 done, 19 OK, 2 failed
  [image_gen] 22/148 done, 20 OK, 2 failed
  [image_gen] 23/148 done, 21 OK, 2 failed
  [image_gen] 24/148 done, 22 OK, 2 failed
  [image_gen] 25/148 done, 23 OK, 2 failed
  [image_gen] 26/148 done, 24 OK, 2 failed
  [image_gen] 27/148 done, 25 OK, 2 failed
  [image_gen] 28/148 done, 26 OK, 2 failed
  [image_gen] 29/148 done, 27 OK, 2 failed
  [image_gen] 30/148 done, 28 OK, 2 failed
  [image_gen] 31/148 done, 29 OK, 2 failed
  [image_gen] 32/148 done, 30 OK, 2 failed
  [image_gen] 33/148 done, 31 OK, 2 failed
  [image_gen] 34/148 done, 32 OK, 2 failed
  [image_gen] 35/148 done, 33 OK, 2 failed
  [image_gen] 36/148 done, 34 OK, 2 failed
  [image_gen] 37/148 done, 34 OK, 3 failed
  [image_gen] 38/148 done, 35 OK, 3 failed
  [image_gen] 39/148 done, 36 OK, 3 failed
  [image_gen] 40/148 done, 37 OK, 3 failed
  [image_gen] 41/148 done, 38 OK, 3 failed
  [image_gen] 42/148 done, 39 OK, 3 failed
  [image_gen] 43/148 done, 40 OK, 3 failed
  [image_gen] 44/148 done, 41 OK, 3 failed
  [image_gen] 45/148 done, 42 OK, 3 failed
  [image_gen] 46/148 done, 43 OK, 3 failed
  [image_gen] 47/148 done, 44 OK, 3 failed
  [image_gen] 48/148 done, 45 OK, 3 failed
  [image_gen] 49/148 done, 46 OK, 3 failed
  [image_gen] 50/148 done, 47 OK, 3 failed
  [image_gen] 51/148 done, 48 OK, 3 failed
  [image_gen] 52/148 done, 49 OK, 3 failed
  [image_gen] 53/148 done, 50 OK, 3 failed
  [image_gen] 54/148 done, 51 OK, 3 failed
  [image_gen] 55/148 done, 51 OK, 4 failed
  [image_gen] 56/148 done, 52 OK, 4 failed
  [image_gen] 57/148 done, 53 OK, 4 failed
  [image_gen] 58/148 done, 54 OK, 4 failed
  [image_gen] 59/148 done, 55 OK, 4 failed
  [image_gen] 60/148 done, 56 OK, 4 failed
  [image_gen] 61/148 done, 57 OK, 4 failed
  [image_gen] 62/148 done, 58 OK, 4 failed
  [image_gen] 63/148 done, 59 OK, 4 failed
  [image_gen] 64/148 done, 60 OK, 4 failed
  [image_gen] 65/148 done, 61 OK, 4 failed
  [image_gen] 66/148 done, 62 OK, 4 failed
  [image_gen] 67/148 done, 63 OK, 4 failed
  [image_gen] 68/148 done, 64 OK, 4 failed
  [image_gen] 69/148 done, 65 OK, 4 failed
  [image_gen] 70/148 done, 66 OK, 4 failed
  [image_gen] 71/148 done, 67 OK, 4 failed
  [image_gen] 72/148 done, 68 OK, 4 failed
  [image_gen] 73/148 done, 69 OK, 4 failed
  [image_gen] 74/148 done, 70 OK, 4 failed
  [image_gen] 75/148 done, 71 OK, 4 failed
  [image_gen] 76/148 done, 72 OK, 4 failed
  [image_gen] 77/148 done, 73 OK, 4 failed
  [image_gen] 78/148 done, 74 OK, 4 failed
  [image_gen] 79/148 done, 74 OK, 5 failed
  [image_gen] 80/148 done, 74 OK, 6 failed
  [image_gen] 81/148 done, 75 OK, 6 failed
  [image_gen] 82/148 done, 76 OK, 6 failed
  [image_gen] 83/148 done, 77 OK, 6 failed
  [image_gen] 84/148 done, 78 OK, 6 failed
  [image_gen] 85/148 done, 79 OK, 6 failed
  [image_gen] 86/148 done, 80 OK, 6 failed
  [image_gen] 87/148 done, 81 OK, 6 failed
  [image_gen] 88/148 done, 82 OK, 6 failed
  [image_gen] 89/148 done, 83 OK, 6 failed
  [image_gen] 90/148 done, 84 OK, 6 failed
  [image_gen] 91/148 done, 85 OK, 6 failed
  [image_gen] 92/148 done, 86 OK, 6 failed
  [image_gen] 93/148 done, 87 OK, 6 failed
  [image_gen] 94/148 done, 88 OK, 6 failed
  [image_gen] 95/148 done, 89 OK, 6 failed
  [image_gen] 96/148 done, 90 OK, 6 failed
  [image_gen] 97/148 done, 91 OK, 6 failed
  [image_gen] 98/148 done, 92 OK, 6 failed
  [image_gen] 99/148 done, 93 OK, 6 failed
  [image_gen] 100/148 done, 94 OK, 6 failed
  [image_gen] 101/148 done, 95 OK, 6 failed
  [image_gen] 102/148 done, 96 OK, 6 failed
  [image_gen] 103/148 done, 97 OK, 6 failed
  [image_gen] 104/148 done, 98 OK, 6 failed
  [image_gen] 105/148 done, 99 OK, 6 failed
  [image_gen] 106/148 done, 100 OK, 6 failed
  [image_gen] 107/148 done, 100 OK, 7 failed
  [image_gen] 108/148 done, 101 OK, 7 failed
  [image_gen] 109/148 done, 102 OK, 7 failed
  [image_gen] 110/148 done, 102 OK, 8 failed
  [image_gen] 111/148 done, 103 OK, 8 failed
  [image_gen] 112/148 done, 104 OK, 8 failed
  [image_gen] 113/148 done, 105 OK, 8 failed
  [image_gen] 114/148 done, 106 OK, 8 failed
  [image_gen] 115/148 done, 107 OK, 8 failed
  [image_gen] 116/148 done, 108 OK, 8 failed
  [image_gen] 117/148 done, 109 OK, 8 failed
  [image_gen] 118/148 done, 110 OK, 8 failed
  [image_gen] 119/148 done, 111 OK, 8 failed
  [image_gen] 120/148 done, 112 OK, 8 failed
  [image_gen] 121/148 done, 113 OK, 8 failed
  [image_gen] 122/148 done, 114 OK, 8 failed
  [image_gen] 123/148 done, 115 OK, 8 failed
  [image_gen] 124/148 done, 116 OK, 8 failed
  [image_gen] 125/148 done, 117 OK, 8 failed
  [image_gen] 126/148 done, 118 OK, 8 failed
  [image_gen] 127/148 done, 119 OK, 8 failed
  [image_gen] 128/148 done, 119 OK, 9 failed
  [image_gen] 129/148 done, 120 OK, 9 failed
  [image_gen] 130/148 done, 121 OK, 9 failed
  [image_gen] 131/148 done, 121 OK, 10 failed
  [image_gen] 132/148 done, 122 OK, 10 failed
  [image_gen] 133/148 done, 123 OK, 10 failed
  [image_gen] 134/148 done, 124 OK, 10 failed
  [image_gen] 135/148 done, 125 OK, 10 failed
  [image_gen] 136/148 done, 126 OK, 10 failed
  [image_gen] 137/148 done, 127 OK, 10 failed
  [image_gen] 138/148 done, 128 OK, 10 failed
  [image_gen] 139/148 done, 128 OK, 11 failed
  [image_gen] 140/148 done, 128 OK, 12 failed
  [image_gen] 141/148 done, 129 OK, 12 failed
  [image_gen] 142/148 done, 129 OK, 13 failed
  [image_gen] 143/148 done, 130 OK, 13 failed
  [image_gen] 144/148 done, 131 OK, 13 failed
  [image_gen] 145/148 done, 132 OK, 13 failed
  [image_gen] 146/148 done, 133 OK, 13 failed
  [image_gen] 147/148 done, 134 OK, 13 failed
  [image_gen] 148/148 done, 135 OK, 13 failed
[done] 135 OK, 13 failed in 4458s (30.1s/req)
  done: 135
  failed: 13
